/home/abhiyaan-cu/.local/lib/python3.12/site-packages/matplotlib/projections/__init__.py:63: UserWarning: Unable to import Axes3D. This may be due to multiple versions of Matplotlib being installed (e.g. as a system package and as a pip package). As a result, the 3D projection is not available.
  warnings.warn("Unable to import Axes3D. This may be due to multiple versions of "
### 1. triceps validation ###
digitized r_tri: peak 2.97 cm at 15 deg, ROM average 2.59 cm (Holzbaur 2005 ma_avg 2.1 cm: +23%)
l_bar_tri over ROM: 0.722 .. 1.231; cos(alpha): 0.9763 .. 0.9919
isometric extension torque at a=1: peak 34.1 N*m at 55 deg; brachialis flexion peak 25.7 N*m at 95 deg
passive triceps torque at a=0: max 1.06 N*m at 130 deg

### 2. switch structure at theta*=65 deg ###
  a_t*    a_b* rho_a(b) rho_a(t)      D_b      D_t FV ratio pred FV ratio FD  max resid disjoint
  0.00  0.1145     7.39    13.33   1.0593   0.0000        2.0000      2.0000   1.20e-09 True
  0.02  0.1429     6.53    11.87   1.2433   0.2819        1.5321      1.5321   1.01e-09 True
  0.05  0.1856     5.50    10.08   1.4816   0.6495        1.2992      1.2992   7.89e-10 True
  0.10  0.2566     4.26     7.89   1.8022   1.1491        1.1593      1.1593   5.46e-10 True
  0.20  0.3987     2.76     5.21   2.2566   1.8673        1.0650      1.0650   2.93e-10 True
  0.30  0.5408     1.94     3.69   2.5633   2.3587        1.0281      1.0281   1.75e-10 True
  0.50  0.8251     1.10     2.13   2.9509   2.9877        0.9959      0.9959   7.68e-11 True
force-velocity kink cancels (D_b = D_t) at a_t* = 0.4621 (a_b* = 0.7711)
  e_bra_activation (a_t*=0.1) = [-0.    -0.    57.638 -0.   ]
  e_tri_activation (a_t*=0.1) = [-0.    -0.    -0.    89.564]
  e_velocity (a_t*=0.1) = [0.    8.559 0.    0.   ]

### 3. wrong-branch prediction error vs co-contraction (theta*=65 deg, delta_u_b=+/-0.01) ###
delta_u_b = +0.01
   a_t*    a_b* | 50ms m/wb/wt/wv/all  100ms m/wb/wt/wv/all  200ms m/wb/wt/wv/all  500ms m/wb/wt/wv/all | occ  a_t drift
 0.0000  0.1145 | 0.011/0.71/1.1e-02/0.15/0.75  0.014/0.57/1.4e-02/0.25/0.67  0.015/0.37/1.5e-02/0.36/0.59  0.025/0.12/2.5e-02/0.43/0.51 | (1.00,1.00) 0.0e+00
 0.0200  0.1429 | 0.002/0.69/2.0e-03/0.13/0.72  0.011/0.55/1.1e-02/0.22/0.63  0.029/0.36/2.9e-02/0.31/0.53  0.034/0.16/3.4e-02/0.35/0.43 | (1.00,1.00) 0.0e+00
 0.0500  0.1856 | 0.005/0.65/4.6e-03/0.11/0.68  0.023/0.51/2.3e-02/0.18/0.58  0.040/0.33/4.0e-02/0.23/0.46  0.042/0.16/4.2e-02/0.26/0.34 | (1.00,1.00) 0.0e+00
 0.1000  0.2566 | 0.008/0.59/7.9e-03/0.08/0.62  0.024/0.44/2.4e-02/0.13/0.50  0.034/0.27/3.4e-02/0.16/0.36  0.031/0.13/3.1e-02/0.17/0.25 | (1.00,1.00) 0.0e+00
 0.2000  0.3987 | 0.007/0.46/7.1e-03/0.05/0.48  0.017/0.33/1.7e-02/0.07/0.36  0.019/0.19/1.9e-02/0.08/0.23  0.009/0.08/9.0e-03/0.08/0.14 | (1.00,1.00) 0.0e+00
 0.3000  0.5408 | 0.005/0.33/5.1e-03/0.02/0.34  0.011/0.22/1.1e-02/0.03/0.24  0.010/0.12/1.0e-02/0.04/0.14  0.006/0.04/5.9e-03/0.03/0.07 | (1.00,1.00) 0.0e+00
 0.4621  0.7712 | 0.002/0.11/2.5e-03/0.00/0.11  0.005/0.07/4.6e-03/0.00/0.07  0.000/0.03/4.4e-04/0.00/0.03  0.024/0.01/2.4e-02/0.02/0.01 | (1.00,1.00) 0.0e+00
 0.5000  0.8251 | 0.002/0.06/2.0e-03/0.00/0.06  0.004/0.04/3.5e-03/0.00/0.03  0.001/0.02/1.3e-03/0.01/0.01  0.028/0.02/2.8e-02/0.03/0.03 | (1.00,1.00) 0.0e+00

delta_u_b = -0.01
   a_t*    a_b* | 50ms m/wb/wt/wv/all  100ms m/wb/wt/wv/all  200ms m/wb/wt/wv/all  500ms m/wb/wt/wv/all | occ  a_t drift
 0.0000  0.1145 | 0.011/2.38/1.1e-02/0.15/3.01  0.045/1.17/4.5e-02/0.25/1.95  0.121/0.36/1.2e-01/0.35/1.17  0.225/0.10/2.3e-01/0.38/0.61 | (1.00,1.00) 0.0e+00
 0.0200  0.1429 | 0.010/2.11/1.0e-02/0.13/2.60  0.040/1.04/4.0e-02/0.19/1.60  0.098/0.34/9.8e-02/0.23/0.87  0.170/0.05/1.7e-01/0.22/0.41 | (1.00,1.00) 0.0e+00
 0.0500  0.1856 | 0.010/1.79/9.8e-03/0.10/2.12  0.035/0.88/3.5e-02/0.14/1.25  0.077/0.30/7.7e-02/0.14/0.63  0.128/0.01/1.3e-01/0.12/0.27 | (1.00,1.00) 0.0e+00
 0.1000  0.2566 | 0.009/1.37/9.0e-03/0.07/1.57  0.029/0.69/2.9e-02/0.08/0.89  0.057/0.25/5.7e-02/0.08/0.43  0.097/0.00/9.7e-02/0.05/0.17 | (1.00,1.00) 0.0e+00
 0.2000  0.3987 | 0.008/0.83/7.8e-03/0.03/0.90  0.022/0.42/2.2e-02/0.03/0.50  0.041/0.15/4.1e-02/0.02/0.23  0.076/0.01/7.6e-02/0.01/0.06 | (1.00,1.00) 0.0e+00
 0.3000  0.5408 | 0.007/0.47/7.2e-03/0.01/0.50  0.019/0.25/1.9e-02/0.00/0.28  0.035/0.08/3.5e-02/0.01/0.11  0.072/0.03/7.2e-02/0.04/0.00 | (1.00,1.00) 0.0e+00
 0.4621  0.7712 | 0.007/0.12/6.8e-03/0.01/0.12  0.017/0.05/1.7e-02/0.02/0.05  0.033/0.00/3.3e-02/0.03/0.00  0.076/0.06/7.6e-02/0.08/0.06 | (1.00,1.00) 0.0e+00
 0.5000  0.8251 | 0.007/0.05/6.8e-03/0.01/0.05  0.017/0.02/1.7e-02/0.02/0.01  0.033/0.02/3.3e-02/0.04/0.02  0.077/0.07/7.7e-02/0.08/0.08 | (1.00,1.00) 0.0e+00

saved plots to /home/abhiyaan-cu/Alan/muscle-activation-control/results
