/home/abhiyaan-cu/.local/lib/python3.12/site-packages/matplotlib/projections/__init__.py:63: UserWarning: Unable to import Axes3D. This may be due to multiple versions of Matplotlib being installed (e.g. as a system package and as a pip package). As a result, the 3D projection is not available.
  warnings.warn("Unable to import Axes3D. This may be due to multiple versions of "
rho_a = 1 at a* = 0.8838

gravity-only a* range over ROM: 0.0176 .. 0.1148

=== Sweep A: gravity-only equilibria, delta_u=+0.010 ===
 theta*     a*  rho_a  tau_ext | 50ms: m/wa/wv/bw 100ms: m/wa/wv/bw 200ms: m/wa/wv/bw 500ms: m/wa/wv/bw | on matched (act,vel)
   10.0  0.018  12.03    0.000 | 0.008/0.79/0.00/0.79 0.010/0.67/0.01/0.68 0.015/0.49/0.02/0.51 0.006/0.14/0.06/0.20 | (1.00,1.00)
   15.0  0.038  10.74    0.000 | 0.008/0.77/0.01/0.78 0.010/0.65/0.03/0.67 0.014/0.47/0.07/0.51 0.001/0.15/0.15/0.27 | (1.00,1.00)
   20.0  0.054   9.86    0.000 | 0.008/0.76/0.03/0.77 0.011/0.64/0.06/0.66 0.017/0.45/0.12/0.51 0.021/0.13/0.20/0.31 | (1.00,1.00)
   25.0  0.068   9.20    0.000 | 0.008/0.75/0.04/0.76 0.010/0.62/0.09/0.66 0.011/0.44/0.16/0.53 0.016/0.16/0.28/0.38 | (1.00,1.00)
   30.0  0.077   8.79    0.000 | 0.010/0.74/0.06/0.76 0.016/0.61/0.11/0.65 0.030/0.42/0.19/0.53 0.092/0.06/0.24/0.34 | (1.00,1.00)
   35.0  0.088   8.33    0.000 | 0.008/0.73/0.07/0.75 0.009/0.60/0.14/0.66 0.005/0.42/0.24/0.55 0.045/0.18/0.37/0.45 | (1.00,1.00)
   40.0  0.094   8.10    0.000 | 0.010/0.73/0.09/0.75 0.016/0.59/0.16/0.66 0.028/0.39/0.26/0.55 0.079/0.07/0.31/0.41 | (1.00,1.00)
   45.0  0.102   7.81    0.000 | 0.009/0.72/0.10/0.75 0.010/0.59/0.19/0.66 0.006/0.40/0.30/0.56 0.032/0.17/0.40/0.48 | (1.00,1.00)
   50.0  0.106   7.66    0.000 | 0.010/0.72/0.11/0.75 0.013/0.58/0.20/0.66 0.017/0.38/0.31/0.57 0.025/0.12/0.39/0.48 | (1.00,1.00)
   55.0  0.110   7.54    0.000 | 0.010/0.71/0.13/0.75 0.013/0.58/0.22/0.67 0.014/0.38/0.33/0.58 0.015/0.13/0.41/0.49 | (1.00,1.00)
   60.0  0.113   7.45    0.000 | 0.011/0.71/0.14/0.75 0.013/0.57/0.24/0.67 0.013/0.38/0.35/0.58 0.011/0.14/0.43/0.51 | (1.00,1.00)
   65.0  0.115   7.39    0.000 | 0.011/0.71/0.15/0.75 0.012/0.57/0.26/0.67 0.008/0.38/0.37/0.59 0.009/0.16/0.45/0.53 | (1.00,1.00)
   70.0  0.115   7.38    0.000 | 0.011/0.71/0.16/0.75 0.012/0.57/0.27/0.68 0.009/0.37/0.38/0.60 0.000/0.15/0.46/0.54 | (1.00,1.00)
   75.0  0.114   7.40    0.000 | 0.012/0.71/0.17/0.75 0.013/0.57/0.28/0.68 0.012/0.37/0.38/0.60 0.012/0.14/0.46/0.54 | (1.00,1.00)
   80.0  0.113   7.43    0.000 | 0.012/0.71/0.17/0.76 0.015/0.57/0.28/0.68 0.018/0.36/0.39/0.60 0.037/0.12/0.45/0.52 | (1.00,1.00)
   85.0  0.114   7.41    0.000 | 0.012/0.71/0.18/0.76 0.013/0.57/0.29/0.68 0.010/0.37/0.39/0.61 0.004/0.14/0.46/0.54 | (1.00,1.00)
   90.0  0.114   7.41    0.000 | 0.012/0.71/0.18/0.76 0.012/0.57/0.29/0.69 0.005/0.37/0.40/0.61 0.017/0.17/0.48/0.56 | (1.00,1.00)
   95.0  0.112   7.46    0.000 | 0.013/0.71/0.18/0.76 0.017/0.57/0.30/0.69 0.021/0.36/0.39/0.61 0.048/0.11/0.45/0.52 | (1.00,1.00)
  100.0  0.113   7.44    0.000 | 0.012/0.71/0.18/0.76 0.011/0.57/0.30/0.69 0.000/0.37/0.41/0.61 0.037/0.18/0.49/0.56 | (1.00,1.00)
  105.0  0.111   7.50    0.000 | 0.012/0.71/0.18/0.76 0.014/0.57/0.30/0.69 0.011/0.37/0.40/0.61 0.005/0.15/0.48/0.56 | (1.00,1.00)
  110.0  0.109   7.57    0.000 | 0.013/0.71/0.18/0.76 0.017/0.57/0.29/0.69 0.019/0.37/0.40/0.61 0.036/0.12/0.46/0.54 | (1.00,1.00)
  115.0  0.109   7.58    0.000 | 0.013/0.71/0.18/0.76 0.014/0.57/0.29/0.69 0.010/0.37/0.40/0.61 0.005/0.16/0.47/0.55 | (1.00,1.00)
  120.0  0.108   7.61    0.000 | 0.013/0.71/0.17/0.76 0.014/0.57/0.28/0.69 0.010/0.38/0.39/0.61 0.007/0.16/0.48/0.55 | (1.00,1.00)
  125.0  0.106   7.67    0.000 | 0.012/0.71/0.16/0.76 0.015/0.57/0.28/0.68 0.011/0.38/0.39/0.61 0.008/0.17/0.48/0.56 | (1.00,1.00)

saved: /home/abhiyaan-cu/Alan/muscle-activation-control/results/phase6a_gravity_sweep_pos.png

=== Sweep A: gravity-only equilibria, delta_u=-0.010 ===
 theta*     a*  rho_a  tau_ext | 50ms: m/wa/wv/bw 100ms: m/wa/wv/bw 200ms: m/wa/wv/bw 500ms: m/wa/wv/bw | on matched (act,vel)
   10.0  0.018  12.03    0.000 | 0.001/3.73/0.01/3.77 0.003/2.06/0.01/2.11 0.018/0.95/0.01/1.03 0.050/0.11/0.02/0.19 | (1.00,1.00)
   15.0  0.038  10.74    0.000 | 0.000/3.41/0.02/3.51 0.006/1.87/0.03/2.01 0.026/0.84/0.05/1.01 0.077/0.07/0.08/0.26 | (1.00,1.00)
   20.0  0.054   9.86    0.000 | 0.001/3.18/0.03/3.33 0.009/1.73/0.05/1.94 0.039/0.75/0.08/1.01 0.118/0.02/0.11/0.30 | (1.00,1.00)
   25.0  0.068   9.20    0.000 | 0.001/2.99/0.04/3.20 0.011/1.62/0.08/1.90 0.046/0.68/0.13/1.03 0.116/0.03/0.20/0.41 | (1.00,1.00)
   30.0  0.077   8.79    0.000 | 0.003/2.86/0.06/3.13 0.019/1.52/0.10/1.89 0.072/0.59/0.15/1.02 0.208/0.08/0.13/0.32 | (1.00,1.00)
   35.0  0.088   8.33    0.000 | 0.003/2.73/0.07/3.05 0.018/1.45/0.13/1.88 0.064/0.56/0.20/1.07 0.122/0.01/0.31/0.53 | (1.00,1.00)
   40.0  0.094   8.10    0.000 | 0.005/2.64/0.09/3.03 0.027/1.38/0.15/1.88 0.091/0.49/0.21/1.06 0.225/0.10/0.21/0.41 | (1.00,1.00)
   45.0  0.102   7.81    0.000 | 0.005/2.56/0.10/2.98 0.026/1.32/0.17/1.88 0.083/0.47/0.26/1.11 0.153/0.02/0.36/0.59 | (1.00,1.00)
   50.0  0.106   7.66    0.000 | 0.007/2.50/0.11/2.98 0.033/1.27/0.20/1.90 0.101/0.43/0.28/1.12 0.210/0.08/0.32/0.55 | (1.00,1.00)
   55.0  0.110   7.54    0.000 | 0.008/2.45/0.13/2.98 0.037/1.23/0.22/1.91 0.107/0.40/0.31/1.14 0.209/0.08/0.36/0.58 | (1.00,1.00)
   60.0  0.113   7.45    0.000 | 0.009/2.41/0.14/2.99 0.040/1.20/0.24/1.93 0.114/0.38/0.33/1.16 0.213/0.09/0.38/0.61 | (1.00,1.00)
   65.0  0.115   7.39    0.000 | 0.010/2.38/0.15/3.01 0.043/1.17/0.25/1.96 0.117/0.37/0.35/1.18 0.212/0.08/0.42/0.66 | (1.00,1.00)
   70.0  0.115   7.38    0.000 | 0.012/2.36/0.16/3.03 0.047/1.16/0.27/1.98 0.125/0.35/0.36/1.20 0.230/0.10/0.41/0.67 | (1.00,1.00)
   75.0  0.114   7.40    0.000 | 0.013/2.36/0.17/3.07 0.051/1.14/0.28/2.00 0.133/0.34/0.37/1.20 0.247/0.12/0.40/0.65 | (1.00,1.00)
   80.0  0.113   7.43    0.000 | 0.015/2.35/0.18/3.10 0.056/1.13/0.29/2.02 0.141/0.32/0.37/1.20 0.264/0.14/0.37/0.61 | (1.00,1.00)
   85.0  0.114   7.41    0.000 | 0.015/2.34/0.18/3.11 0.056/1.12/0.29/2.03 0.138/0.32/0.38/1.21 0.238/0.11/0.41/0.65 | (1.00,1.00)
   90.0  0.114   7.41    0.000 | 0.015/2.34/0.19/3.12 0.056/1.12/0.30/2.04 0.137/0.33/0.39/1.22 0.232/0.11/0.44/0.70 | (1.00,1.00)
   95.0  0.112   7.46    0.000 | 0.016/2.34/0.19/3.14 0.061/1.11/0.30/2.04 0.150/0.31/0.38/1.20 0.278/0.16/0.35/0.59 | (1.00,1.00)
  100.0  0.113   7.44    0.000 | 0.015/2.34/0.19/3.13 0.056/1.12/0.30/2.05 0.136/0.33/0.40/1.23 0.219/0.09/0.46/0.72 | (1.00,1.00)
  105.0  0.111   7.50    0.000 | 0.016/2.35/0.19/3.16 0.060/1.12/0.30/2.06 0.146/0.32/0.39/1.22 0.266/0.14/0.40/0.66 | (1.00,1.00)
  110.0  0.109   7.57    0.000 | 0.017/2.37/0.19/3.17 0.062/1.12/0.30/2.06 0.153/0.31/0.37/1.20 0.285/0.16/0.35/0.60 | (1.00,1.00)
  115.0  0.109   7.58    0.000 | 0.016/2.38/0.18/3.16 0.058/1.13/0.29/2.05 0.144/0.32/0.38/1.21 0.252/0.13/0.40/0.65 | (1.00,1.00)
  120.0  0.108   7.61    0.000 | 0.015/2.40/0.18/3.15 0.056/1.15/0.28/2.04 0.142/0.33/0.37/1.21 0.257/0.13/0.39/0.65 | (1.00,1.00)
  125.0  0.106   7.67    0.000 | 0.014/2.42/0.17/3.15 0.055/1.17/0.27/2.04 0.141/0.34/0.36/1.21 0.264/0.14/0.38/0.65 | (1.00,1.00)

saved: /home/abhiyaan-cu/Alan/muscle-activation-control/results/phase6a_gravity_sweep_neg.png

=== Sweep B: held load, theta*=65 deg, delta_u=+0.010 ===
 theta*     a*  rho_a  tau_ext | 50ms: m/wa/wv/bw 100ms: m/wa/wv/bw 200ms: m/wa/wv/bw 500ms: m/wa/wv/bw | on matched (act,vel)
   65.0  0.020  11.87   -2.168 | 0.021/0.78/0.02/0.79 0.035/0.66/0.05/0.68 0.053/0.47/0.11/0.54 0.026/0.18/0.25/0.39 | (1.00,1.00)
   65.0  0.050  10.08   -1.480 | 0.016/0.76/0.08/0.78 0.024/0.63/0.15/0.68 0.029/0.44/0.25/0.57 0.001/0.18/0.38/0.48 | (1.00,1.00)
   65.0  0.100   7.89   -0.333 | 0.012/0.72/0.14/0.76 0.014/0.58/0.24/0.68 0.011/0.39/0.35/0.59 0.009/0.16/0.44/0.52 | (1.00,1.00)
   65.0  0.133   6.81    0.424 | 0.009/0.69/0.16/0.74 0.010/0.55/0.27/0.67 0.005/0.36/0.38/0.59 0.009/0.15/0.46/0.54 | (1.00,1.00)
   65.0  0.200   5.21    1.962 | 0.007/0.64/0.20/0.71 0.005/0.50/0.32/0.65 0.000/0.31/0.42/0.58 0.007/0.13/0.49/0.55 | (1.00,1.00)
   65.0  0.300   3.69    4.256 | 0.004/0.56/0.23/0.66 0.002/0.41/0.35/0.61 0.002/0.24/0.44/0.57 0.002/0.10/0.51/0.56 | (1.00,1.00)
   65.0  0.400   2.75    6.550 | 0.003/0.47/0.26/0.60 0.001/0.34/0.37/0.57 0.002/0.19/0.46/0.55 0.003/0.07/0.53/0.56 | (1.00,1.00)
   65.0  0.500   2.13    8.845 | 0.003/0.38/0.27/0.54 0.001/0.26/0.38/0.54 0.001/0.14/0.46/0.53 0.008/0.05/0.54/0.57 | (1.00,1.00)
   65.0  0.600   1.70   11.139 | 0.002/0.28/0.28/0.48 0.001/0.19/0.39/0.50 0.000/0.10/0.47/0.52 0.013/0.03/0.55/0.57 | (1.00,1.00)
   65.0  0.700   1.39   13.434 | 0.002/0.18/0.28/0.41 0.001/0.12/0.40/0.46 0.001/0.06/0.48/0.51 0.018/0.01/0.56/0.58 | (1.00,1.00)
   65.0  0.800   1.15   15.728 | 0.002/0.08/0.29/0.35 0.001/0.05/0.40/0.43 0.002/0.03/0.48/0.49 0.023/0.01/0.58/0.58 | (1.00,1.00)
   65.0  0.884   1.00   17.655 | 0.002/0.00/0.29/0.29 0.001/0.00/0.40/0.40 0.003/0.00/0.48/0.48 0.027/0.03/0.58/0.58 | (1.00,1.00)
   65.0  0.950   0.90   19.170 | 0.002/0.07/0.30/0.25 0.002/0.04/0.40/0.38 0.004/0.03/0.49/0.48 0.031/0.04/0.59/0.59 | (1.00,1.00)

saved: /home/abhiyaan-cu/Alan/muscle-activation-control/results/phase6a_load_sweep_pos.png

=== Sweep B: held load, theta*=65 deg, delta_u=-0.010 ===
 theta*     a*  rho_a  tau_ext | 50ms: m/wa/wv/bw 100ms: m/wa/wv/bw 200ms: m/wa/wv/bw 500ms: m/wa/wv/bw | on matched (act,vel)
   65.0  0.020  11.87   -2.168 | 0.008/3.61/0.03/3.82 0.037/1.88/0.04/2.15 0.118/0.70/0.02/1.01 0.296/0.13/0.06/0.18 | (1.00,1.00)
   65.0  0.050  10.08   -1.480 | 0.010/3.13/0.08/3.55 0.043/1.58/0.12/2.11 0.137/0.52/0.14/1.09 0.310/0.17/0.09/0.33 | (1.00,1.00)
   65.0  0.100   7.89   -0.333 | 0.010/2.52/0.14/3.12 0.044/1.25/0.23/1.99 0.123/0.39/0.31/1.17 0.230/0.10/0.36/0.60 | (1.00,1.00)
   65.0  0.133   6.81    0.424 | 0.010/2.21/0.17/2.87 0.043/1.09/0.28/1.91 0.110/0.34/0.40/1.19 0.192/0.07/0.48/0.72 | (1.00,1.00)
   65.0  0.200   5.21    1.962 | 0.010/1.71/0.22/2.42 0.039/0.85/0.37/1.73 0.089/0.27/0.52/1.19 0.144/0.04/0.65/0.88 | (1.00,1.00)
   65.0  0.300   3.69    4.256 | 0.010/1.20/0.28/1.88 0.033/0.60/0.45/1.48 0.068/0.20/0.63/1.15 0.109/0.02/0.81/1.00 | (1.00,1.00)
   65.0  0.400   2.75    6.550 | 0.009/0.84/0.31/1.47 0.029/0.43/0.51/1.27 0.056/0.14/0.70/1.09 0.091/0.02/0.92/1.08 | (1.00,1.00)
   65.0  0.500   2.13    8.845 | 0.009/0.57/0.34/1.15 0.026/0.29/0.55/1.10 0.048/0.09/0.75/1.04 0.081/0.03/1.01/1.14 | (1.00,1.00)
   65.0  0.600   1.70   11.139 | 0.008/0.37/0.36/0.90 0.024/0.19/0.58/0.95 0.043/0.05/0.79/0.99 0.075/0.04/1.09/1.18 | (1.00,1.00)
   65.0  0.700   1.39   13.434 | 0.008/0.21/0.38/0.70 0.022/0.10/0.60/0.83 0.039/0.02/0.83/0.95 0.071/0.05/1.16/1.23 | (1.00,1.00)
   65.0  0.800   1.15   15.728 | 0.008/0.08/0.40/0.53 0.021/0.03/0.63/0.72 0.036/0.01/0.85/0.91 0.069/0.06/1.24/1.27 | (1.00,1.00)
   65.0  0.884   1.00   17.655 | 0.008/0.01/0.41/0.41 0.020/0.02/0.64/0.64 0.034/0.03/0.88/0.88 0.068/0.07/1.30/1.30 | (1.00,1.00)
   65.0  0.950   0.90   19.170 | 0.008/0.07/0.41/0.32 0.019/0.06/0.65/0.58 0.033/0.05/0.89/0.85 0.068/0.08/1.34/1.32 | (1.00,1.00)

saved: /home/abhiyaan-cu/Alan/muscle-activation-control/results/phase6a_load_sweep_neg.png

