/home/abhiyaan-cu/.local/lib/python3.12/site-packages/matplotlib/projections/__init__.py:63: UserWarning: Unable to import Axes3D. This may be due to multiple versions of Matplotlib being installed (e.g. as a system package and as a pip package). As a result, the 3D projection is not available.
  warnings.warn("Unable to import Axes3D. This may be due to multiple versions of "
### 1. triceps validation ###
digitized r_tri: peak 2.97 cm at 15 deg, ROM average 2.59 cm (Holzbaur 2005 ma_avg 2.1 cm: +23%)
l_bar_tri over ROM: 0.722 .. 1.231; cos(alpha): 0.9763 .. 0.9919
isometric extension torque at a=1: peak 34.1 N*m at 55 deg; brachialis flexion peak 25.8 N*m at 94 deg
passive triceps torque at a=0: max 1.06 N*m at 130 deg

### 2. switch structure at theta*=60 deg ###
  a_t*    a_b* rho_a(b) rho_a(t)      D_b      D_t FV ratio pred FV ratio FD  max resid disjoint
  0.00  0.1126     7.45    13.33   0.9639   0.0000        2.0000      2.0000   1.20e-09 True
  0.02  0.1430     6.53    11.87   1.1458   0.2964        1.4886      1.4886   1.01e-09 True
  0.05  0.1885     5.44    10.08   1.3790   0.6830        1.2535      1.2535   7.89e-10 True
  0.10  0.2645     4.15     7.89   1.6886   1.2084        1.1170      1.1170   5.46e-10 True
  0.20  0.4163     2.64     5.21   2.1198   1.9637        1.0258      1.0258   2.93e-10 True
  0.30  0.5682     1.82     3.69   2.4057   2.4804        0.9899      0.9899   1.75e-10 True
  0.50  0.8719     1.02     2.13   2.7613   3.1419        0.9579      0.9579   7.68e-11 True
force-velocity kink cancels (D_b = D_t) at a_t* = 0.2641 (a_b* = 0.5137)
  e_bra_activation (a_t*=0.1) = [-0.    -0.    56.413 -0.   ]
  e_tri_activation (a_t*=0.1) = [-0.    -0.    -0.    89.564]
  e_velocity (a_t*=0.1) = [0.    6.294 0.    0.   ]

### 3. wrong-branch prediction error vs co-contraction (theta*=60 deg, delta_u_b=+/-0.01) ###
delta_u_b = +0.01
   a_t*    a_b* | 50ms m/wb/wt/wv/all  100ms m/wb/wt/wv/all  200ms m/wb/wt/wv/all  500ms m/wb/wt/wv/all | occ  a_t drift
 0.0000  0.1126 | 0.011/0.71/1.1e-02/0.14/0.75  0.013/0.57/1.3e-02/0.24/0.67  0.012/0.38/1.2e-02/0.35/0.58  0.009/0.14/8.9e-03/0.43/0.51 | (1.00,1.00) 0.0e+00
 0.0200  0.1430 | 0.001/0.69/1.0e-03/0.12/0.72  0.014/0.55/1.4e-02/0.21/0.63  0.038/0.37/3.8e-02/0.29/0.52  0.067/0.19/6.7e-02/0.35/0.43 | (1.00,1.00) 0.0e+00
 0.0500  0.1885 | 0.006/0.65/5.9e-03/0.10/0.68  0.027/0.51/2.7e-02/0.16/0.57  0.051/0.33/5.1e-02/0.22/0.44  0.079/0.19/7.9e-02/0.26/0.35 | (1.00,1.00) 0.0e+00
 0.1000  0.2645 | 0.009/0.58/9.3e-03/0.07/0.60  0.028/0.44/2.8e-02/0.11/0.48  0.045/0.28/4.5e-02/0.14/0.34  0.070/0.16/7.0e-02/0.17/0.25 | (1.00,1.00) 0.0e+00
 0.2000  0.4163 | 0.009/0.45/8.7e-03/0.02/0.46  0.022/0.32/2.2e-02/0.04/0.33  0.033/0.19/3.3e-02/0.06/0.21  0.054/0.12/5.4e-02/0.08/0.14 | (1.00,1.00) 0.0e+00
 0.2641  0.5137 | 0.008/0.36/7.5e-03/0.01/0.36  0.018/0.25/1.8e-02/0.02/0.25  0.027/0.15/2.7e-02/0.03/0.15  0.048/0.10/4.8e-02/0.05/0.10 | (1.00,1.00) 0.0e+00
 0.3000  0.5682 | 0.007/0.31/6.9e-03/0.00/0.30  0.016/0.21/1.6e-02/0.01/0.20  0.025/0.12/2.5e-02/0.02/0.12  0.046/0.09/4.6e-02/0.03/0.08 | (1.00,1.00) 0.0e+00
 0.5000  0.8719 | 0.004/0.02/4.3e-03/0.03/0.02  0.010/0.02/1.0e-02/0.03/0.02  0.018/0.02/1.8e-02/0.03/0.02  0.038/0.04/3.8e-02/0.02/0.01 | (1.00,1.00) 0.0e+00

delta_u_b = -0.01
   a_t*    a_b* | 50ms m/wb/wt/wv/all  100ms m/wb/wt/wv/all  200ms m/wb/wt/wv/all  500ms m/wb/wt/wv/all | occ  a_t drift
 0.0000  0.1126 | 0.009/2.41/9.3e-03/0.14/2.99  0.040/1.20/4.0e-02/0.24/1.93  0.113/0.38/1.1e-01/0.33/1.16  0.212/0.09/2.1e-01/0.38/0.61 | (1.00,1.00) 0.0e+00
 0.0200  0.1430 | 0.009/2.12/9.0e-03/0.11/2.56  0.036/1.05/3.6e-02/0.17/1.56  0.090/0.35/9.0e-02/0.21/0.84  0.154/0.03/1.5e-01/0.21/0.40 | (1.00,1.00) 0.0e+00
 0.0500  0.1885 | 0.008/1.78/8.3e-03/0.08/2.06  0.031/0.89/3.1e-02/0.11/1.19  0.068/0.31/6.8e-02/0.12/0.59  0.110/0.01/1.1e-01/0.11/0.26 | (1.00,1.00) 0.0e+00
 0.1000  0.2645 | 0.007/1.35/7.4e-03/0.05/1.49  0.024/0.68/2.4e-02/0.06/0.83  0.048/0.25/4.8e-02/0.05/0.39  0.077/0.02/7.7e-02/0.04/0.15 | (1.00,1.00) 0.0e+00
 0.2000  0.4163 | 0.006/0.78/5.9e-03/0.01/0.81  0.017/0.41/1.7e-02/0.00/0.44  0.030/0.16/3.0e-02/0.01/0.19  0.051/0.02/5.1e-02/0.02/0.05 | (1.00,1.00) 0.0e+00
 0.2641  0.5137 | 0.005/0.54/5.3e-03/0.01/0.54  0.014/0.29/1.4e-02/0.01/0.29  0.025/0.11/2.5e-02/0.02/0.11  0.044/0.01/4.4e-02/0.04/0.01 | (1.00,1.00) 0.0e+00
 0.3000  0.5682 | 0.005/0.43/5.0e-03/0.01/0.42  0.013/0.23/1.3e-02/0.02/0.22  0.023/0.09/2.3e-02/0.03/0.08  0.042/0.00/4.2e-02/0.05/0.01 | (1.00,1.00) 0.0e+00
 0.5000  0.8719 | 0.004/0.01/4.0e-03/0.03/0.02  0.010/0.00/9.6e-03/0.05/0.04  0.016/0.01/1.6e-02/0.06/0.06  0.035/0.03/3.5e-02/0.09/0.09 | (1.00,1.00) 0.0e+00

saved plots to /home/abhiyaan-cu/Alan/muscle-activation-control/results
