/home/abhiyaan-cu/.local/lib/python3.12/site-packages/matplotlib/projections/__init__.py:63: UserWarning: Unable to import Axes3D. This may be due to multiple versions of Matplotlib being installed (e.g. as a system package and as a pip package). As a result, the 3D projection is not available.
  warnings.warn("Unable to import Axes3D. This may be due to multiple versions of "
rho_a = 1 at a* = 0.8838

gravity-only a* range over ROM: 0.0284 .. 0.1147

=== Sweep A: gravity-only equilibria, delta_u=+0.010 ===
 theta*     a*  rho_a  tau_ext | 50ms: m/wa/wv/bw 100ms: m/wa/wv/bw 200ms: m/wa/wv/bw 500ms: m/wa/wv/bw | on matched (act,vel)
   12.5  0.028  11.32    0.000 | 0.008/0.78/0.01/0.78 0.010/0.66/0.02/0.67 0.015/0.48/0.05/0.51 0.004/0.14/0.11/0.23 | (1.00,1.00)
   17.5  0.047  10.26    0.000 | 0.008/0.77/0.02/0.77 0.011/0.64/0.05/0.66 0.015/0.46/0.09/0.51 0.017/0.13/0.17/0.29 | (1.00,1.00)
   22.5  0.062   9.50    0.000 | 0.008/0.75/0.03/0.76 0.011/0.63/0.07/0.66 0.016/0.44/0.14/0.52 0.008/0.15/0.24/0.35 | (1.00,1.00)
   27.5  0.073   8.99    0.000 | 0.009/0.75/0.05/0.76 0.012/0.62/0.10/0.66 0.017/0.43/0.18/0.53 0.083/0.09/0.24/0.35 | (1.00,1.00)
   32.5  0.083   8.55    0.000 | 0.009/0.74/0.06/0.75 0.012/0.61/0.13/0.65 0.016/0.41/0.22/0.53 0.023/0.15/0.32/0.41 | (1.00,1.00)
   37.5  0.092   8.21    0.000 | 0.009/0.73/0.08/0.75 0.012/0.60/0.15/0.66 0.017/0.41/0.25/0.55 0.077/0.09/0.32/0.42 | (1.00,1.00)
   42.5  0.098   7.94    0.000 | 0.010/0.72/0.09/0.75 0.013/0.59/0.17/0.66 0.015/0.39/0.28/0.55 0.016/0.14/0.37/0.45 | (1.00,1.00)
   47.5  0.105   7.73    0.000 | 0.010/0.72/0.11/0.75 0.012/0.58/0.19/0.66 0.014/0.39/0.30/0.57 0.025/0.13/0.39/0.48 | (1.00,1.00)
   52.5  0.108   7.60    0.000 | 0.010/0.72/0.12/0.75 0.013/0.58/0.21/0.66 0.014/0.38/0.33/0.57 0.013/0.13/0.41/0.49 | (1.00,1.00)
   57.5  0.111   7.49    0.000 | 0.010/0.71/0.13/0.75 0.013/0.58/0.23/0.67 0.013/0.38/0.34/0.58 0.010/0.14/0.42/0.50 | (1.00,1.00)
   62.5  0.114   7.42    0.000 | 0.011/0.71/0.14/0.75 0.013/0.57/0.25/0.67 0.012/0.37/0.36/0.59 0.005/0.14/0.44/0.51 | (1.00,1.00)
   67.5  0.115   7.38    0.000 | 0.011/0.71/0.15/0.75 0.013/0.57/0.26/0.67 0.011/0.37/0.37/0.59 0.002/0.15/0.45/0.53 | (1.00,1.00)
   72.5  0.115   7.39    0.000 | 0.011/0.71/0.16/0.75 0.013/0.57/0.27/0.68 0.011/0.37/0.38/0.60 0.010/0.15/0.46/0.54 | (1.00,1.00)
   77.5  0.114   7.42    0.000 | 0.012/0.71/0.17/0.76 0.013/0.57/0.28/0.68 0.012/0.37/0.39/0.60 0.033/0.13/0.46/0.53 | (1.00,1.00)
   82.5  0.113   7.42    0.000 | 0.012/0.71/0.18/0.76 0.013/0.57/0.29/0.68 0.010/0.37/0.39/0.60 0.004/0.14/0.46/0.53 | (1.00,1.00)
   87.5  0.114   7.41    0.000 | 0.012/0.71/0.18/0.76 0.013/0.57/0.29/0.68 0.009/0.37/0.40/0.61 0.011/0.16/0.47/0.54 | (1.00,1.00)
   92.5  0.113   7.44    0.000 | 0.012/0.71/0.18/0.76 0.013/0.57/0.30/0.69 0.012/0.37/0.40/0.61 0.054/0.11/0.46/0.54 | (1.00,1.00)
   97.5  0.113   7.45    0.000 | 0.012/0.71/0.18/0.76 0.013/0.57/0.30/0.69 0.009/0.37/0.40/0.61 0.011/0.15/0.47/0.54 | (1.00,1.00)
  102.5  0.112   7.46    0.000 | 0.012/0.71/0.18/0.76 0.013/0.57/0.30/0.69 0.009/0.37/0.40/0.61 0.005/0.15/0.48/0.56 | (1.00,1.00)
  107.5  0.110   7.54    0.000 | 0.013/0.71/0.18/0.76 0.014/0.57/0.30/0.69 0.012/0.37/0.40/0.61 0.043/0.12/0.47/0.54 | (1.00,1.00)
  112.5  0.109   7.57    0.000 | 0.013/0.71/0.18/0.76 0.014/0.57/0.29/0.69 0.010/0.37/0.40/0.61 0.005/0.16/0.47/0.55 | (1.00,1.00)
  117.5  0.108   7.59    0.000 | 0.013/0.71/0.17/0.76 0.014/0.57/0.29/0.69 0.010/0.37/0.39/0.61 0.006/0.16/0.48/0.55 | (1.00,1.00)
  122.5  0.107   7.64    0.000 | 0.013/0.71/0.17/0.76 0.014/0.57/0.28/0.68 0.011/0.38/0.39/0.61 0.007/0.16/0.48/0.56 | (1.00,1.00)

saved: /home/abhiyaan-cu/Alan/muscle-activation-control/results/phase6a_gravity_sweep_pos.png

=== Sweep A: gravity-only equilibria, delta_u=-0.010 ===
 theta*     a*  rho_a  tau_ext | 50ms: m/wa/wv/bw 100ms: m/wa/wv/bw 200ms: m/wa/wv/bw 500ms: m/wa/wv/bw | on matched (act,vel)
   12.5  0.028  11.32    0.000 | 0.000/3.56/0.01/3.63 0.004/1.96/0.02/2.05 0.022/0.89/0.03/1.02 0.067/0.09/0.04/0.22 | (1.00,1.00)
   17.5  0.047  10.26    0.000 | 0.000/3.28/0.03/3.41 0.007/1.80/0.04/1.97 0.032/0.79/0.07/1.01 0.096/0.05/0.10/0.29 | (1.00,1.00)
   22.5  0.062   9.50    0.000 | 0.001/3.08/0.04/3.26 0.010/1.67/0.07/1.92 0.044/0.71/0.10/1.01 0.125/0.01/0.14/0.33 | (1.00,1.00)
   27.5  0.073   8.99    0.000 | 0.002/2.93/0.05/3.17 0.014/1.57/0.09/1.90 0.057/0.64/0.14/1.04 0.152/0.01/0.20/0.42 | (1.00,1.00)
   32.5  0.083   8.55    0.000 | 0.003/2.79/0.07/3.09 0.018/1.48/0.11/1.88 0.067/0.57/0.18/1.04 0.160/0.04/0.21/0.38 | (1.00,1.00)
   37.5  0.092   8.21    0.000 | 0.004/2.69/0.08/3.04 0.022/1.41/0.14/1.88 0.078/0.53/0.21/1.08 0.173/0.03/0.29/0.53 | (1.00,1.00)
   42.5  0.098   7.94    0.000 | 0.005/2.60/0.09/3.00 0.026/1.35/0.16/1.88 0.086/0.48/0.24/1.08 0.178/0.06/0.28/0.47 | (1.00,1.00)
   47.5  0.105   7.73    0.000 | 0.006/2.52/0.11/2.98 0.030/1.30/0.18/1.89 0.095/0.45/0.27/1.11 0.189/0.06/0.35/0.58 | (1.00,1.00)
   52.5  0.108   7.60    0.000 | 0.007/2.47/0.12/2.98 0.034/1.25/0.21/1.91 0.103/0.42/0.30/1.13 0.205/0.08/0.35/0.57 | (1.00,1.00)
   57.5  0.111   7.49    0.000 | 0.009/2.43/0.13/2.99 0.038/1.22/0.23/1.92 0.110/0.39/0.32/1.15 0.210/0.08/0.37/0.60 | (1.00,1.00)
   62.5  0.114   7.42    0.000 | 0.010/2.39/0.15/3.00 0.042/1.19/0.24/1.94 0.116/0.37/0.34/1.17 0.217/0.09/0.39/0.62 | (1.00,1.00)
   67.5  0.115   7.38    0.000 | 0.011/2.37/0.16/3.02 0.046/1.16/0.26/1.97 0.123/0.36/0.36/1.19 0.230/0.10/0.40/0.65 | (1.00,1.00)
   72.5  0.115   7.39    0.000 | 0.012/2.36/0.17/3.05 0.049/1.15/0.27/1.99 0.129/0.35/0.37/1.20 0.240/0.11/0.41/0.66 | (1.00,1.00)
   77.5  0.114   7.42    0.000 | 0.014/2.35/0.18/3.09 0.053/1.14/0.28/2.01 0.135/0.33/0.37/1.21 0.252/0.13/0.40/0.66 | (1.00,1.00)
   82.5  0.113   7.42    0.000 | 0.014/2.35/0.18/3.10 0.055/1.12/0.29/2.02 0.137/0.33/0.38/1.21 0.239/0.12/0.40/0.64 | (1.00,1.00)
   87.5  0.114   7.41    0.000 | 0.015/2.34/0.19/3.11 0.056/1.12/0.30/2.03 0.138/0.32/0.38/1.21 0.237/0.11/0.41/0.66 | (1.00,1.00)
   92.5  0.113   7.44    0.000 | 0.016/2.34/0.19/3.13 0.058/1.12/0.30/2.05 0.144/0.32/0.39/1.23 0.261/0.14/0.42/0.68 | (1.00,1.00)
   97.5  0.113   7.45    0.000 | 0.016/2.34/0.19/3.14 0.058/1.11/0.30/2.04 0.141/0.32/0.39/1.21 0.235/0.11/0.41/0.65 | (1.00,1.00)
  102.5  0.112   7.46    0.000 | 0.016/2.35/0.19/3.14 0.059/1.12/0.30/2.05 0.144/0.32/0.39/1.23 0.251/0.12/0.44/0.71 | (1.00,1.00)
  107.5  0.110   7.54    0.000 | 0.016/2.37/0.19/3.17 0.060/1.12/0.30/2.06 0.149/0.32/0.38/1.23 0.275/0.15/0.39/0.66 | (1.00,1.00)
  112.5  0.109   7.57    0.000 | 0.016/2.38/0.19/3.17 0.059/1.13/0.30/2.06 0.145/0.32/0.38/1.21 0.250/0.13/0.40/0.65 | (1.00,1.00)
  117.5  0.108   7.59    0.000 | 0.015/2.39/0.18/3.16 0.057/1.14/0.29/2.05 0.143/0.33/0.37/1.21 0.254/0.13/0.40/0.65 | (1.00,1.00)
  122.5  0.107   7.64    0.000 | 0.014/2.41/0.17/3.15 0.056/1.16/0.28/2.04 0.142/0.34/0.36/1.21 0.260/0.13/0.39/0.65 | (1.00,1.00)

saved: /home/abhiyaan-cu/Alan/muscle-activation-control/results/phase6a_gravity_sweep_neg.png

=== Sweep B: held load, theta*=60 deg, delta_u=+0.010 ===
 theta*     a*  rho_a  tau_ext | 50ms: m/wa/wv/bw 100ms: m/wa/wv/bw 200ms: m/wa/wv/bw 500ms: m/wa/wv/bw | on matched (act,vel)
   60.0  0.020  11.87   -2.038 | 0.020/0.78/0.02/0.79 0.034/0.66/0.05/0.68 0.056/0.47/0.10/0.53 0.052/0.15/0.20/0.34 | (1.00,1.00)
   60.0  0.050  10.08   -1.378 | 0.016/0.76/0.07/0.78 0.024/0.63/0.14/0.68 0.033/0.43/0.23/0.57 0.027/0.15/0.34/0.44 | (1.00,1.00)
   60.0  0.100   7.89   -0.278 | 0.011/0.72/0.13/0.76 0.014/0.58/0.23/0.67 0.015/0.39/0.34/0.58 0.011/0.14/0.42/0.50 | (1.00,1.00)
   60.0  0.133   6.81    0.449 | 0.009/0.70/0.15/0.74 0.011/0.56/0.26/0.66 0.009/0.36/0.37/0.58 0.006/0.13/0.44/0.52 | (1.00,1.00)
   60.0  0.200   5.21    1.923 | 0.007/0.64/0.19/0.71 0.006/0.50/0.31/0.64 0.003/0.31/0.41/0.58 0.002/0.12/0.48/0.54 | (1.00,1.00)
   60.0  0.300   3.69    4.124 | 0.005/0.56/0.22/0.65 0.003/0.42/0.34/0.60 0.001/0.24/0.44/0.56 0.001/0.10/0.51/0.55 | (1.00,1.00)
   60.0  0.400   2.75    6.325 | 0.003/0.47/0.24/0.59 0.001/0.34/0.36/0.57 0.002/0.19/0.45/0.55 0.001/0.08/0.53/0.56 | (1.00,1.00)
   60.0  0.500   2.13    8.526 | 0.003/0.38/0.26/0.53 0.000/0.26/0.37/0.53 0.002/0.15/0.46/0.53 0.002/0.06/0.55/0.57 | (1.00,1.00)
   60.0  0.600   1.70   10.727 | 0.002/0.28/0.27/0.47 0.000/0.19/0.38/0.49 0.002/0.10/0.47/0.52 0.003/0.04/0.57/0.58 | (1.00,1.00)
   60.0  0.700   1.39   12.928 | 0.002/0.18/0.27/0.40 0.000/0.12/0.39/0.46 0.002/0.07/0.48/0.51 0.004/0.02/0.58/0.59 | (1.00,1.00)
   60.0  0.800   1.15   15.129 | 0.001/0.08/0.28/0.34 0.000/0.06/0.39/0.42 0.002/0.03/0.48/0.49 0.006/0.01/0.59/0.60 | (1.00,1.00)
   60.0  0.884   1.00   16.978 | 0.001/0.00/0.28/0.28 0.000/0.00/0.39/0.39 0.002/0.00/0.49/0.49 0.008/0.01/0.60/0.60 | (1.00,1.00)
   60.0  0.950   0.90   18.430 | 0.001/0.07/0.28/0.24 0.000/0.04/0.40/0.37 0.002/0.02/0.49/0.48 0.009/0.02/0.61/0.61 | (1.00,1.00)

saved: /home/abhiyaan-cu/Alan/muscle-activation-control/results/phase6a_load_sweep_pos.png

=== Sweep B: held load, theta*=60 deg, delta_u=-0.010 ===
 theta*     a*  rho_a  tau_ext | 50ms: m/wa/wv/bw 100ms: m/wa/wv/bw 200ms: m/wa/wv/bw 500ms: m/wa/wv/bw | on matched (act,vel)
   60.0  0.020  11.87   -2.038 | 0.008/3.62/0.03/3.81 0.034/1.89/0.04/2.14 0.112/0.72/0.02/1.00 0.288/0.13/0.07/0.14 | (1.00,1.00)
   60.0  0.050  10.08   -1.378 | 0.009/3.14/0.07/3.53 0.040/1.60/0.11/2.09 0.128/0.54/0.13/1.07 0.299/0.17/0.08/0.29 | (1.00,1.00)
   60.0  0.100   7.89   -0.278 | 0.009/2.53/0.13/3.09 0.041/1.27/0.21/1.97 0.118/0.40/0.30/1.15 0.227/0.10/0.33/0.56 | (1.00,1.00)
   60.0  0.133   6.81    0.449 | 0.009/2.22/0.16/2.84 0.040/1.11/0.27/1.88 0.106/0.35/0.38/1.17 0.191/0.07/0.45/0.68 | (1.00,1.00)
   60.0  0.200   5.21    1.923 | 0.009/1.72/0.21/2.38 0.036/0.86/0.35/1.70 0.086/0.28/0.50/1.17 0.146/0.04/0.63/0.85 | (1.00,1.00)
   60.0  0.300   3.69    4.124 | 0.009/1.20/0.26/1.85 0.031/0.61/0.43/1.45 0.067/0.20/0.61/1.13 0.110/0.02/0.80/0.99 | (1.00,1.00)
   60.0  0.400   2.75    6.325 | 0.008/0.84/0.29/1.44 0.028/0.43/0.48/1.24 0.055/0.14/0.69/1.08 0.091/0.02/0.92/1.09 | (1.00,1.00)
   60.0  0.500   2.13    8.526 | 0.008/0.58/0.32/1.12 0.025/0.30/0.52/1.07 0.047/0.10/0.74/1.03 0.080/0.03/1.03/1.16 | (1.00,1.00)
   60.0  0.600   1.70   10.727 | 0.008/0.37/0.34/0.87 0.023/0.19/0.56/0.93 0.041/0.06/0.78/0.99 0.072/0.04/1.13/1.23 | (1.00,1.00)
   60.0  0.700   1.39   12.928 | 0.007/0.21/0.36/0.67 0.021/0.11/0.58/0.80 0.037/0.02/0.82/0.95 0.067/0.04/1.22/1.29 | (1.00,1.00)
   60.0  0.800   1.15   15.129 | 0.007/0.08/0.37/0.50 0.019/0.03/0.60/0.70 0.034/0.01/0.85/0.91 0.064/0.05/1.31/1.35 | (1.00,1.00)
   60.0  0.884   1.00   16.978 | 0.007/0.01/0.38/0.38 0.018/0.02/0.62/0.62 0.032/0.03/0.88/0.88 0.062/0.06/1.39/1.39 | (1.00,1.00)
   60.0  0.950   0.90   18.430 | 0.007/0.07/0.39/0.30 0.017/0.06/0.63/0.56 0.030/0.05/0.90/0.85 0.061/0.07/1.45/1.43 | (1.00,1.00)

saved: /home/abhiyaan-cu/Alan/muscle-activation-control/results/phase6a_load_sweep_neg.png

